Flow report for Somador4Bits
Mon Nov 13 17:06:45 2017
Quartus II 64-Bit Version 13.0.1 Build 232 06/12/2013 Service Pack 1 SJ Web Edition


---------------------
; Table of Contents ;
---------------------
  1. Legal Notice
  2. Flow Summary
  3. Flow Settings
  4. Flow Non-Default Global Settings
  5. Flow Elapsed Time
  6. Flow OS Summary
  7. Flow Log
  8. Flow Messages
  9. Flow Suppressed Messages



----------------
; Legal Notice ;
----------------
Copyright (C) 1991-2013 Altera Corporation
Your use of Altera Corporation's design tools, logic functions 
and other software and tools, and its AMPP partner logic 
functions, and any output files from any of the foregoing 
(including device programming or simulation files), and any 
associated documentation or information are expressly subject 
to the terms and conditions of the Altera Program License 
Subscription Agreement, Altera MegaCore Function License 
Agreement, or other applicable license agreement, including, 
without limitation, that your use is for the sole purpose of 
programming logic devices manufactured by Altera and sold by 
Altera or its authorized distributors.  Please refer to the 
applicable agreement for further details.



+--------------------------------------------------------------------------------------+
; Flow Summary                                                                         ;
+------------------------------------+-------------------------------------------------+
; Flow Status                        ; Successful - Mon Nov 13 17:06:45 2017           ;
; Quartus II 64-Bit Version          ; 13.0.1 Build 232 06/12/2013 SP 1 SJ Web Edition ;
; Revision Name                      ; Somador4Bits                                    ;
; Top-level Entity Name              ; projeto                                         ;
; Family                             ; Cyclone II                                      ;
; Device                             ; EP2C20F484C7                                    ;
; Timing Models                      ; Final                                           ;
; Total logic elements               ; 27 / 18,752 ( < 1 % )                           ;
;     Total combinational functions  ; 27 / 18,752 ( < 1 % )                           ;
;     Dedicated logic registers      ; 0 / 18,752 ( 0 % )                              ;
; Total registers                    ; 0                                               ;
; Total pins                         ; 22 / 315 ( 7 % )                                ;
; Total virtual pins                 ; 0                                               ;
; Total memory bits                  ; 0 / 239,616 ( 0 % )                             ;
; Embedded Multiplier 9-bit elements ; 0 / 52 ( 0 % )                                  ;
; Total PLLs                         ; 0 / 4 ( 0 % )                                   ;
+------------------------------------+-------------------------------------------------+


+-----------------------------------------+
; Flow Settings                           ;
+-------------------+---------------------+
; Option            ; Setting             ;
+-------------------+---------------------+
; Start date & time ; 11/13/2017 17:06:22 ;
; Main task         ; Compilation         ;
; Revision Name     ; Somador4Bits        ;
+-------------------+---------------------+


+---------------------------------------------------------------------------------------------------------------------------------+
; Flow Non-Default Global Settings                                                                                                ;
+--------------------------------------+---------------------------------------+---------------+-------------+--------------------+
; Assignment Name                      ; Value                                 ; Default Value ; Entity Name ; Section Id         ;
+--------------------------------------+---------------------------------------+---------------+-------------+--------------------+
; COMPILER_SIGNATURE_ID                ; 963361450667.151059998204124          ; --            ; --          ; --                 ;
; EDA_DESIGN_INSTANCE_NAME             ; NA                                    ; --            ; --          ; meio_somador2_TB   ;
; EDA_DESIGN_INSTANCE_NAME             ; NA                                    ; --            ; --          ; meio_somador3_TB   ;
; EDA_DESIGN_INSTANCE_NAME             ; NA                                    ; --            ; --          ; Somador4Bits_TB    ;
; EDA_DESIGN_INSTANCE_NAME             ; NA                                    ; --            ; --          ; decodificacador_TB ;
; EDA_NATIVELINK_SIMULATION_TEST_BENCH ; decodificacador_TB                    ; --            ; --          ; eda_simulation     ;
; EDA_OUTPUT_DATA_FORMAT               ; Vhdl                                  ; --            ; --          ; eda_simulation     ;
; EDA_SIMULATION_TOOL                  ; ModelSim-Altera (VHDL)                ; <None>        ; --          ; --                 ;
; EDA_TEST_BENCH_ENABLE_STATUS         ; TEST_BENCH_MODE                       ; --            ; --          ; eda_simulation     ;
; EDA_TEST_BENCH_FILE                  ; meio_somador2_TB.v                    ; --            ; --          ; meio_somador2_TB   ;
; EDA_TEST_BENCH_FILE                  ; meio_somador3_TB.v                    ; --            ; --          ; meio_somador3_TB   ;
; EDA_TEST_BENCH_FILE                  ; Somador4Bits_TB.v                     ; --            ; --          ; Somador4Bits_TB    ;
; EDA_TEST_BENCH_FILE                  ; decodificador_TB.v                    ; --            ; --          ; decodificacador_TB ;
; EDA_TEST_BENCH_MODULE_NAME           ; meio_somador2_TB                      ; --            ; --          ; meio_somador2_TB   ;
; EDA_TEST_BENCH_MODULE_NAME           ; meio_somador3_TB                      ; --            ; --          ; meio_somador3_TB   ;
; EDA_TEST_BENCH_MODULE_NAME           ; Somador4Bits_TB                       ; --            ; --          ; Somador4Bits_TB    ;
; EDA_TEST_BENCH_MODULE_NAME           ; decodificacador_TB                    ; --            ; --          ; decodificacador_TB ;
; EDA_TEST_BENCH_NAME                  ; meio_somador2_TB                      ; --            ; --          ; eda_simulation     ;
; EDA_TEST_BENCH_NAME                  ; meio_somador3_TB                      ; --            ; --          ; eda_simulation     ;
; EDA_TEST_BENCH_NAME                  ; Somador4Bits_TB                       ; --            ; --          ; eda_simulation     ;
; EDA_TEST_BENCH_NAME                  ; decodificacador_TB                    ; --            ; --          ; eda_simulation     ;
; MAX_CORE_JUNCTION_TEMP               ; 85                                    ; --            ; --          ; --                 ;
; MIN_CORE_JUNCTION_TEMP               ; 0                                     ; --            ; --          ; --                 ;
; PARTITION_COLOR                      ; 16764057                              ; --            ; projeto     ; Top                ;
; PARTITION_FITTER_PRESERVATION_LEVEL  ; PLACEMENT_AND_ROUTING                 ; --            ; projeto     ; Top                ;
; PARTITION_NETLIST_TYPE               ; SOURCE                                ; --            ; projeto     ; Top                ;
; POWER_BOARD_THERMAL_MODEL            ; None (CONSERVATIVE)                   ; --            ; --          ; --                 ;
; POWER_PRESET_COOLING_SOLUTION        ; 23 MM HEAT SINK WITH 200 LFPM AIRFLOW ; --            ; --          ; --                 ;
; PROJECT_OUTPUT_DIRECTORY             ; output_files                          ; --            ; --          ; --                 ;
; TOP_LEVEL_ENTITY                     ; projeto                               ; Somador4Bits  ; --          ; --                 ;
+--------------------------------------+---------------------------------------+---------------+-------------+--------------------+


+-------------------------------------------------------------------------------------------------------------------------------+
; Flow Elapsed Time                                                                                                             ;
+---------------------------+--------------+-------------------------+---------------------+------------------------------------+
; Module Name               ; Elapsed Time ; Average Processors Used ; Peak Virtual Memory ; Total CPU Time (on all processors) ;
+---------------------------+--------------+-------------------------+---------------------+------------------------------------+
; Analysis & Synthesis      ; 00:00:04     ; 1.0                     ; 481 MB              ; 00:00:03                           ;
; Fitter                    ; 00:00:08     ; 1.0                     ; 728 MB              ; 00:00:06                           ;
; Assembler                 ; 00:00:03     ; 1.0                     ; 434 MB              ; 00:00:03                           ;
; TimeQuest Timing Analyzer ; 00:00:02     ; 1.0                     ; 428 MB              ; 00:00:02                           ;
; EDA Netlist Writer        ; 00:00:01     ; 1.0                     ; 400 MB              ; 00:00:01                           ;
; Total                     ; 00:00:18     ; --                      ; --                  ; 00:00:15                           ;
+---------------------------+--------------+-------------------------+---------------------+------------------------------------+


+----------------------------------------------------------------------------------------+
; Flow OS Summary                                                                        ;
+---------------------------+------------------+-----------+------------+----------------+
; Module Name               ; Machine Hostname ; OS Name   ; OS Version ; Processor type ;
+---------------------------+------------------+-----------+------------+----------------+
; Analysis & Synthesis      ; DESKTOP-4R8U9HV  ; Windows 7 ; 6.2        ; x86_64         ;
; Fitter                    ; DESKTOP-4R8U9HV  ; Windows 7 ; 6.2        ; x86_64         ;
; Assembler                 ; DESKTOP-4R8U9HV  ; Windows 7 ; 6.2        ; x86_64         ;
; TimeQuest Timing Analyzer ; DESKTOP-4R8U9HV  ; Windows 7 ; 6.2        ; x86_64         ;
; EDA Netlist Writer        ; DESKTOP-4R8U9HV  ; Windows 7 ; 6.2        ; x86_64         ;
+---------------------------+------------------+-----------+------------+----------------+


------------
; Flow Log ;
------------
quartus_map --read_settings_files=on --write_settings_files=off Somador4Bits -c Somador4Bits
quartus_fit --read_settings_files=off --write_settings_files=off Somador4Bits -c Somador4Bits
quartus_asm --read_settings_files=off --write_settings_files=off Somador4Bits -c Somador4Bits
quartus_sta Somador4Bits -c Somador4Bits
quartus_eda --read_settings_files=off --write_settings_files=off Somador4Bits -c Somador4Bits



